Testing create_google_doc...
Target Shared Folder ID: 0AN0IgQ5bDdtQUk9PVA
python : Docs error: <HttpEr
ror 403 when requesting http
s://docs.googleapis.com/v1/d
ocuments?alt=json returned "
The caller does not have per
mission". Details: "The call
er does not have permission"
>
発生場所 行:1 文字:1
+ python tools/test_executio
n.py > test_log.txt 2>&1
+ ~~~~~~~~~~~~~~~~~~~~~~~~~~
~~~~~~~~~~~~~~~~~~~~~~~~
    + CategoryInfo          
    : NotSpe    cified: (Doc
s er    ror: <Ht...ve pe    
rmission">:Strin    g) [], R
emoteExc    eption
    + FullyQualified    Erro
rId : Native    CommandError
 
Traceback (most recent call 
last):
  File "C:\Users\HP\OneDrive
\ドキュメント\mottora\koto\tools\t
est_execution.py", line 32, 
in <module>
    test_create_doc()
  File "C:\Users\HP\OneDrive
\ドキュメント\mottora\koto\tools\t
est_execution.py", line 23, 
in test_create_doc
    print(f"\u274c Failed: {
result['error']}")
UnicodeEncodeError: 'cp932' 
codec can't encode character
 '\u274c' in position 0: ill
egal multibyte sequence
